2025-01-01 13:11:00 | INFO | repo=pv243 | action=test | passed=true
2025-02-09 20:35:00 | INFO | repo=pv243 | action=edit | files=1
2025-02-23 16:54:00 | DEBUG | repo=pv243 | action=edit | files=2
2025-06-22 08:56:00 | INFO | repo=pv243 | action=edit | files=5
2025-04-15 18:38:00 | WARN | repo=pv243 | action=commit
2025-08-22 12:39:00 | DEBUG | repo=pv243 | action=test | passed=true
2025-02-15 15:32:00 | INFO | repo=pv243 | action=commit
2025-07-03 16:31:00 | INFO | repo=pv243 | action=test | passed=true
2025-01-05 19:48:00 | DEBUG | repo=pv243 | action=edit | files=2
2025-10-03 08:07:00 | WARN | repo=pv243 | action=edit | files=3
2025-03-05 13:54:00 | DEBUG | repo=pv243 | action=commit
2025-10-19 07:00:00 | DEBUG | repo=pv243 | action=test | passed=true
2025-02-04 07:12:00 | WARN | repo=pv243 | action=pull
2025-06-28 19:30:00 | WARN | repo=pv243 | action=commit
2025-09-08 07:20:00 | WARN | repo=pv243 | action=edit | files=5
2025-03-26 15:00:00 | DEBUG | repo=pv243 | action=edit | files=5
2025-02-24 20:15:00 | INFO | repo=pv243 | action=commit
2025-08-04 19:31:00 | WARN | repo=pv243 | action=pull
2025-10-01 17:07:00 | INFO | repo=pv243 | action=commit
2025-01-09 21:26:00 | WARN | repo=pv243 | action=edit | files=3
2025-03-27 16:25:00 | DEBUG | repo=pv243 | action=commit
